R5_WEB_BEGIN R5Kernel.Common
R5_WEB_END R5Kernel.Common
R5_WEB_BEGIN R5Kernel.Probes.S11C5CanonicalDefinitions
R5_WEB_END R5Kernel.Probes.S11C5CanonicalDefinitions
R5_WEB_BEGIN R5Kernel.Audit
R5_WEB_END R5Kernel.Audit
R5_WEB_BEGIN R5Kernel.Probes.S11C5Local
R5_WEB_END R5Kernel.Probes.S11C5Local
R5_WEB_BEGIN R5Kernel.Probes.S11C5BetaData
R5_WEB_END R5Kernel.Probes.S11C5BetaData
R5_WEB_BEGIN R5Kernel.Probes.S11C5Cover
R5_WEB_END R5Kernel.Probes.S11C5Cover
R5_WEB_BEGIN R5Kernel.Probes.S11C5OrbitData
R5_WEB_END R5Kernel.Probes.S11C5OrbitData
R5_WEB_BEGIN R5Kernel.Parts.M001
R5_WEB_END R5Kernel.Parts.M001
R5_WEB_BEGIN R5Kernel.Parts.M002
R5_WEB_END R5Kernel.Parts.M002
R5_WEB_BEGIN R5Kernel.Parts.M003
R5_WEB_END R5Kernel.Parts.M003
R5_WEB_BEGIN R5Kernel.Parts.M004
R5_WEB_END R5Kernel.Parts.M004
R5_WEB_BEGIN R5Kernel.Parts.M005
R5_WEB_END R5Kernel.Parts.M005
R5_WEB_BEGIN R5Kernel.Parts.M006
R5_WEB_END R5Kernel.Parts.M006
R5_WEB_BEGIN R5Kernel.Parts.M007
R5_WEB_END R5Kernel.Parts.M007
R5_WEB_BEGIN R5Kernel.Parts.M008
R5_WEB_END R5Kernel.Parts.M008
R5_WEB_BEGIN R5Kernel.Parts.M009
R5_WEB_END R5Kernel.Parts.M009
R5_WEB_BEGIN R5Kernel.Parts.M010
R5_WEB_END R5Kernel.Parts.M010
R5_WEB_BEGIN R5Kernel.Parts.M011
R5_WEB_END R5Kernel.Parts.M011
R5_WEB_BEGIN R5Kernel.Parts.M012
R5_WEB_END R5Kernel.Parts.M012
R5_WEB_BEGIN R5Kernel.Parts.M013
R5_WEB_END R5Kernel.Parts.M013
R5_WEB_BEGIN R5Kernel.Parts.M014
R5_WEB_END R5Kernel.Parts.M014
R5_WEB_BEGIN R5Kernel.Probes.S11C11CanonicalDefinitions
R5_WEB_END R5Kernel.Probes.S11C11CanonicalDefinitions
R5_WEB_BEGIN R5Kernel.Probes.S11C11NumericDefinitions
R5_WEB_END R5Kernel.Probes.S11C11NumericDefinitions
R5_WEB_BEGIN R5Kernel.Probes.S11C11Canonical126
R5_WEB_END R5Kernel.Probes.S11C11Canonical126
R5_WEB_BEGIN R5Kernel.Probes.S11C11NumericMask
R5_WEB_END R5Kernel.Probes.S11C11NumericMask
R5_WEB_BEGIN R5Kernel.Probes.S11C11CycleTypesExplicit
R5_WEB_END R5Kernel.Probes.S11C11CycleTypesExplicit
R5_WEB_BEGIN R5Kernel.Probes.S11C11NumericBetaChunk0
R5_WEB_END R5Kernel.Probes.S11C11NumericBetaChunk0
R5_WEB_BEGIN R5Kernel.Probes.S11C11NumericBetaChunk1
R5_WEB_END R5Kernel.Probes.S11C11NumericBetaChunk1
R5_WEB_BEGIN R5Kernel.Probes.S11C11NumericBetaChunk2
R5_WEB_END R5Kernel.Probes.S11C11NumericBetaChunk2
R5_WEB_BEGIN R5Kernel.Probes.S11C11NumericBetaChunk3
R5_WEB_END R5Kernel.Probes.S11C11NumericBetaChunk3
R5_WEB_BEGIN R5Kernel.Probes.S11C11NumericBetaChunks
R5_WEB_END R5Kernel.Probes.S11C11NumericBetaChunks
R5_WEB_BEGIN R5Kernel.Probes.S11C11NumericBoundChunk0
R5_WEB_END R5Kernel.Probes.S11C11NumericBoundChunk0
R5_WEB_BEGIN R5Kernel.Probes.S11C11NumericBoundChunk1
R5_WEB_END R5Kernel.Probes.S11C11NumericBoundChunk1
R5_WEB_BEGIN R5Kernel.Probes.S11C11NumericBoundChunk2
R5_WEB_END R5Kernel.Probes.S11C11NumericBoundChunk2
R5_WEB_BEGIN R5Kernel.Probes.S11C11NumericBoundChunk3
R5_WEB_END R5Kernel.Probes.S11C11NumericBoundChunk3
R5_WEB_BEGIN R5Kernel.Probes.S11C11NumericBoundChunks
R5_WEB_END R5Kernel.Probes.S11C11NumericBoundChunks
R5_WEB_BEGIN R5Kernel.Probes.S11C11Certificates
R5_WEB_END R5Kernel.Probes.S11C11Certificates
R5_WEB_BEGIN R5Kernel.Probes.S11C11Local
R5_WEB_END R5Kernel.Probes.S11C11Local
R5_WEB_BEGIN R5Kernel.Probes.S11C11OrbitAction
R5_WEB_END R5Kernel.Probes.S11C11OrbitAction
R5_WEB_BEGIN R5Kernel.Symmetry
R5_WEB_END R5Kernel.Symmetry
R5_WEB_BEGIN R5Kernel.GraphSymmetry
R5_WEB_END R5Kernel.GraphSymmetry
R5_WEB_BEGIN R5Kernel.Probes.S11C11OrbitTransport
R5_WEB_END R5Kernel.Probes.S11C11OrbitTransport
R5_WEB_BEGIN R5Kernel.Probes.S11C11LowCardWitness
R5_WEB_END R5Kernel.Probes.S11C11LowCardWitness
R5_WEB_BEGIN R5Kernel.Probes.S11C11LowCardChunk0
R5_WEB_END R5Kernel.Probes.S11C11LowCardChunk0
R5_WEB_BEGIN R5Kernel.Probes.S11C11LowCardChunk1
R5_WEB_END R5Kernel.Probes.S11C11LowCardChunk1
R5_WEB_BEGIN R5Kernel.Probes.S11C11LowCardChunk2
R5_WEB_END R5Kernel.Probes.S11C11LowCardChunk2
R5_WEB_BEGIN R5Kernel.Probes.S11C11LowCardChunk3
R5_WEB_END R5Kernel.Probes.S11C11LowCardChunk3
R5_WEB_BEGIN R5Kernel.Probes.S11C11LowCardChunk4
R5_WEB_END R5Kernel.Probes.S11C11LowCardChunk4
R5_WEB_BEGIN R5Kernel.Probes.S11C11LowCardChunk5
R5_WEB_END R5Kernel.Probes.S11C11LowCardChunk5
R5_WEB_BEGIN R5Kernel.Probes.S11C11LowCardChunk6
R5_WEB_END R5Kernel.Probes.S11C11LowCardChunk6
R5_WEB_BEGIN R5Kernel.Probes.S11C11LowCardChunk7
R5_WEB_END R5Kernel.Probes.S11C11LowCardChunk7
R5_WEB_BEGIN R5Kernel.Probes.S11C11LowCardChunk8
R5_WEB_END R5Kernel.Probes.S11C11LowCardChunk8
R5_WEB_BEGIN R5Kernel.Probes.S11C11LowCardChunk9
R5_WEB_END R5Kernel.Probes.S11C11LowCardChunk9
R5_WEB_BEGIN R5Kernel.Probes.S11C11LowCardChunk10
R5_WEB_END R5Kernel.Probes.S11C11LowCardChunk10
R5_WEB_BEGIN R5Kernel.Probes.S11C11LowCardChunk11
R5_WEB_END R5Kernel.Probes.S11C11LowCardChunk11
R5_WEB_BEGIN R5Kernel.Probes.S11C11LowCardChunk12
R5_WEB_END R5Kernel.Probes.S11C11LowCardChunk12
R5_WEB_BEGIN R5Kernel.Probes.S11C11LowCardChunk13
R5_WEB_END R5Kernel.Probes.S11C11LowCardChunk13
R5_WEB_BEGIN R5Kernel.Probes.S11C11LowCardChunk14
R5_WEB_END R5Kernel.Probes.S11C11LowCardChunk14
R5_WEB_BEGIN R5Kernel.Probes.S11C11LowCardChunk15
R5_WEB_END R5Kernel.Probes.S11C11LowCardChunk15
R5_WEB_BEGIN R5Kernel.Probes.S11C11LowCardCoverage
R5_WEB_END R5Kernel.Probes.S11C11LowCardCoverage
R5_WEB_BEGIN R5Kernel.Probes.S11C11OrbitCoverageCardLE5
R5_WEB_END R5Kernel.Probes.S11C11OrbitCoverageCardLE5
R5_WEB_BEGIN R5Kernel.Probes.S11C11ComplementWitness
R5_WEB_END R5Kernel.Probes.S11C11ComplementWitness
R5_WEB_BEGIN R5Kernel.Probes.S11C11OrbitCoverageComplementChunks
R5_WEB_END R5Kernel.Probes.S11C11OrbitCoverageComplementChunks
R5_WEB_BEGIN R5Kernel.Probes.S11C11OrbitCoverageComplement
R5_WEB_END R5Kernel.Probes.S11C11OrbitCoverageComplement
R5_WEB_BEGIN R5Kernel.Probes.S11C11OrbitCoverageHigh
R5_WEB_END R5Kernel.Probes.S11C11OrbitCoverageHigh
R5_WEB_BEGIN R5Kernel.Probes.S11C11OrbitCoverage
R5_WEB_END R5Kernel.Probes.S11C11OrbitCoverage
R5_WEB_BEGIN R5Kernel.Probes.S11C11AllMasks
R5_WEB_END R5Kernel.Probes.S11C11AllMasks
R5_WEB_BEGIN R5Kernel.Probes.S11C11SurplusBridge
R5_WEB_END R5Kernel.Probes.S11C11SurplusBridge
R5_WEB_BEGIN R5Kernel.Probes.S11C11EmbeddingBridge
R5_WEB_END R5Kernel.Probes.S11C11EmbeddingBridge
R5_WEB_BEGIN R5Kernel.Probes.CycleSurplusBridge
R5_WEB_END R5Kernel.Probes.CycleSurplusBridge
R5_WEB_BEGIN R5Kernel.SmallUniform
R5_WEB_END R5Kernel.SmallUniform
R5_WEB_BEGIN R5Kernel.S10C5Structure
R5_WEB_END R5Kernel.S10C5Structure
R5_WEB_BEGIN R5Kernel.S10C5Data
R5_WEB_END R5Kernel.S10C5Data
R5_WEB_BEGIN R5Kernel.S10C5Checks0
R5_WEB_END R5Kernel.S10C5Checks0
R5_WEB_BEGIN R5Kernel.S10C5Checks1
R5_WEB_END R5Kernel.S10C5Checks1
R5_WEB_BEGIN R5Kernel.S10C5Checks2
R5_WEB_END R5Kernel.S10C5Checks2
R5_WEB_BEGIN R5Kernel.S10C5Checks3
R5_WEB_END R5Kernel.S10C5Checks3
R5_WEB_BEGIN R5Kernel.S10C5Checks4
R5_WEB_END R5Kernel.S10C5Checks4
R5_WEB_BEGIN R5Kernel.S10C5Checks5
R5_WEB_END R5Kernel.S10C5Checks5
R5_WEB_BEGIN R5Kernel.S10C5Symmetry
R5_WEB_END R5Kernel.S10C5Symmetry
R5_WEB_BEGIN R5Kernel.S10C5Certificates
R5_WEB_END R5Kernel.S10C5Certificates
R5_WEB_BEGIN R5Kernel.Probes.S11C7CanonicalDefinitions
R5_WEB_END R5Kernel.Probes.S11C7CanonicalDefinitions
R5_WEB_BEGIN R5Kernel.Probes.S11C7Local
R5_WEB_END R5Kernel.Probes.S11C7Local
R5_WEB_BEGIN R5Kernel.Probes.S11C7Cover
R5_WEB_END R5Kernel.Probes.S11C7Cover
R5_WEB_BEGIN R5Kernel.Probes.S11C7OrbitData
R5_WEB_END R5Kernel.Probes.S11C7OrbitData
R5_WEB_BEGIN R5Kernel.Probes.S11C7BetaData
R5_WEB_END R5Kernel.Probes.S11C7BetaData
R5_WEB_BEGIN R5Kernel.S10C7Structure
R5_WEB_END R5Kernel.S10C7Structure
R5_WEB_BEGIN R5Kernel.S10C7Data
R5_WEB_END R5Kernel.S10C7Data
R5_WEB_BEGIN R5Kernel.S10C7Checks0
R5_WEB_END R5Kernel.S10C7Checks0
R5_WEB_BEGIN R5Kernel.S10C7Checks1
R5_WEB_END R5Kernel.S10C7Checks1
R5_WEB_BEGIN R5Kernel.S10C7Checks2
R5_WEB_END R5Kernel.S10C7Checks2
R5_WEB_BEGIN R5Kernel.S10C7Checks3
R5_WEB_END R5Kernel.S10C7Checks3
R5_WEB_BEGIN R5Kernel.S10C7Checks4
R5_WEB_END R5Kernel.S10C7Checks4
R5_WEB_BEGIN R5Kernel.S10C7Checks5
R5_WEB_END R5Kernel.S10C7Checks5
R5_WEB_BEGIN R5Kernel.S10C7Checks6
R5_WEB_END R5Kernel.S10C7Checks6
R5_WEB_BEGIN R5Kernel.S10C7Checks7
R5_WEB_END R5Kernel.S10C7Checks7
R5_WEB_BEGIN R5Kernel.S10C7Checks8
R5_WEB_END R5Kernel.S10C7Checks8
R5_WEB_BEGIN R5Kernel.S10C7Symmetry
R5_WEB_END R5Kernel.S10C7Symmetry
R5_WEB_BEGIN R5Kernel.S10C7Certificates
R5_WEB_END R5Kernel.S10C7Certificates
R5_WEB_BEGIN R5Kernel.Probes.S11C9CanonicalDefinitions
R5_WEB_END R5Kernel.Probes.S11C9CanonicalDefinitions
R5_WEB_BEGIN R5Kernel.Probes.S11C9Local
R5_WEB_END R5Kernel.Probes.S11C9Local
R5_WEB_BEGIN R5Kernel.Probes.S11C9Structural
R5_WEB_END R5Kernel.Probes.S11C9Structural
R5_WEB_BEGIN R5Kernel.Probes.S11C9OrbitDefinitions
R5_WEB_END R5Kernel.Probes.S11C9OrbitDefinitions
R5_WEB_BEGIN R5Kernel.Probes.S11C9OrbitAction
R5_WEB_END R5Kernel.Probes.S11C9OrbitAction
R5_WEB_BEGIN R5Kernel.Probes.S11C9OrbitWitness
R5_WEB_END R5Kernel.Probes.S11C9OrbitWitness
R5_WEB_BEGIN R5Kernel.Probes.S11C9OrbitWitnessChunk0
R5_WEB_END R5Kernel.Probes.S11C9OrbitWitnessChunk0
R5_WEB_BEGIN R5Kernel.Probes.S11C9OrbitWitnessChunk1
R5_WEB_END R5Kernel.Probes.S11C9OrbitWitnessChunk1
R5_WEB_BEGIN R5Kernel.Probes.S11C9OrbitWitnessChunk2
R5_WEB_END R5Kernel.Probes.S11C9OrbitWitnessChunk2
R5_WEB_BEGIN R5Kernel.Probes.S11C9OrbitWitnessChunk3
R5_WEB_END R5Kernel.Probes.S11C9OrbitWitnessChunk3
R5_WEB_BEGIN R5Kernel.Probes.S11C9OrbitWitnessCoverage
R5_WEB_END R5Kernel.Probes.S11C9OrbitWitnessCoverage
R5_WEB_BEGIN R5Kernel.Probes.S11C9OrbitCoverage
R5_WEB_END R5Kernel.Probes.S11C9OrbitCoverage
R5_WEB_BEGIN R5Kernel.Probes.S11C9OrbitPacking
R5_WEB_END R5Kernel.Probes.S11C9OrbitPacking
R5_WEB_BEGIN R5Kernel.Probes.S11C9OrbitData
R5_WEB_END R5Kernel.Probes.S11C9OrbitData
R5_WEB_BEGIN R5Kernel.Probes.S11C9BetaData
R5_WEB_END R5Kernel.Probes.S11C9BetaData
R5_WEB_BEGIN R5Kernel.Probes.S11C9Cover
R5_WEB_END R5Kernel.Probes.S11C9Cover
R5_WEB_BEGIN R5Kernel.S10C9Structure
R5_WEB_END R5Kernel.S10C9Structure
R5_WEB_BEGIN R5Kernel.S10C9Data
R5_WEB_END R5Kernel.S10C9Data
R5_WEB_BEGIN R5Kernel.S10C9Checks0
R5_WEB_END R5Kernel.S10C9Checks0
R5_WEB_BEGIN R5Kernel.S10C9Checks1
R5_WEB_END R5Kernel.S10C9Checks1
R5_WEB_BEGIN R5Kernel.S10C9Checks2
R5_WEB_END R5Kernel.S10C9Checks2
R5_WEB_BEGIN R5Kernel.S10C9Checks3
R5_WEB_END R5Kernel.S10C9Checks3
R5_WEB_BEGIN R5Kernel.S10C9Checks4
R5_WEB_END R5Kernel.S10C9Checks4
R5_WEB_BEGIN R5Kernel.S10C9Checks5
R5_WEB_END R5Kernel.S10C9Checks5
R5_WEB_BEGIN R5Kernel.S10C9Checks6
R5_WEB_END R5Kernel.S10C9Checks6
R5_WEB_BEGIN R5Kernel.S10C9Checks7
R5_WEB_END R5Kernel.S10C9Checks7
R5_WEB_BEGIN R5Kernel.S10C9Checks8
R5_WEB_END R5Kernel.S10C9Checks8
R5_WEB_BEGIN R5Kernel.S10C9Checks9
R5_WEB_END R5Kernel.S10C9Checks9
R5_WEB_BEGIN R5Kernel.S10C9Checks10
R5_WEB_END R5Kernel.S10C9Checks10
R5_WEB_BEGIN R5Kernel.S10C9Checks11
R5_WEB_END R5Kernel.S10C9Checks11
R5_WEB_BEGIN R5Kernel.S10C9Symmetry
R5_WEB_END R5Kernel.S10C9Symmetry
R5_WEB_BEGIN R5Kernel.S10C9Certificates
R5_WEB_END R5Kernel.S10C9Certificates
R5_WEB_BEGIN R5Kernel.S10UniformData
R5_WEB_END R5Kernel.S10UniformData
R5_WEB_BEGIN R5Kernel.OddCycleEmbedding
R5_WEB_END R5Kernel.OddCycleEmbedding
R5_WEB_BEGIN R5Kernel.SmallCycleEndpoint
R5_WEB_END R5Kernel.SmallCycleEndpoint
R5_WEB_BEGIN R5Kernel.S10Dispatcher
R5_WEB_END R5Kernel.S10Dispatcher
R5_WEB_BEGIN R5Kernel.S10LegacyAPI
R5_WEB_END R5Kernel.S10LegacyAPI
R5_WEB_BEGIN R5Kernel.Probes.S11C5BlockSymmetry
R5_WEB_END R5Kernel.Probes.S11C5BlockSymmetry
R5_WEB_BEGIN R5Kernel.Probes.S11C5CoverBoundChunk0
R5_WEB_END R5Kernel.Probes.S11C5CoverBoundChunk0
R5_WEB_BEGIN R5Kernel.Probes.S11C5CoverBoundChunk1
R5_WEB_END R5Kernel.Probes.S11C5CoverBoundChunk1
R5_WEB_BEGIN R5Kernel.Probes.S11C5CoverBoundChunk2
R5_WEB_END R5Kernel.Probes.S11C5CoverBoundChunk2
R5_WEB_BEGIN R5Kernel.Probes.S11C5CoverBoundChunk3
R5_WEB_END R5Kernel.Probes.S11C5CoverBoundChunk3
R5_WEB_BEGIN R5Kernel.Probes.S11C5CoverBoundChunk4
R5_WEB_END R5Kernel.Probes.S11C5CoverBoundChunk4
R5_WEB_BEGIN R5Kernel.Probes.S11C5CoverBoundChunk5
R5_WEB_END R5Kernel.Probes.S11C5CoverBoundChunk5
R5_WEB_BEGIN R5Kernel.Probes.S11C5CoverBoundChunk6
R5_WEB_END R5Kernel.Probes.S11C5CoverBoundChunk6
R5_WEB_BEGIN R5Kernel.Probes.S11C5CoverChecks
R5_WEB_END R5Kernel.Probes.S11C5CoverChecks
R5_WEB_BEGIN R5Kernel.Probes.S11C5Beta
R5_WEB_END R5Kernel.Probes.S11C5Beta
R5_WEB_BEGIN R5Kernel.Probes.S11C5SingletonData
R5_WEB_END R5Kernel.Probes.S11C5SingletonData
R5_WEB_BEGIN R5Kernel.Probes.S11C5Atomic
R5_WEB_END R5Kernel.Probes.S11C5Atomic
R5_WEB_BEGIN R5Kernel.Probes.S11C5Analytic
R5_WEB_END R5Kernel.Probes.S11C5Analytic
R5_WEB_BEGIN R5Kernel.Probes.S11C5Certificates
R5_WEB_END R5Kernel.Probes.S11C5Certificates
R5_WEB_BEGIN R5Kernel.Probes.S11C5AllCertificates
R5_WEB_END R5Kernel.Probes.S11C5AllCertificates
R5_WEB_BEGIN R5Kernel.Probes.S11C5OrbitTransport
R5_WEB_END R5Kernel.Probes.S11C5OrbitTransport
R5_WEB_BEGIN R5Kernel.Probes.S11C5AllMasks
R5_WEB_END R5Kernel.Probes.S11C5AllMasks
R5_WEB_BEGIN R5Kernel.Probes.S11C7BlockSymmetry
R5_WEB_END R5Kernel.Probes.S11C7BlockSymmetry
R5_WEB_BEGIN R5Kernel.Probes.S11C7CoverBoundChunk0
R5_WEB_END R5Kernel.Probes.S11C7CoverBoundChunk0
R5_WEB_BEGIN R5Kernel.Probes.S11C7CoverBoundChunk1
R5_WEB_END R5Kernel.Probes.S11C7CoverBoundChunk1
R5_WEB_BEGIN R5Kernel.Probes.S11C7CoverBoundChunk2
R5_WEB_END R5Kernel.Probes.S11C7CoverBoundChunk2
R5_WEB_BEGIN R5Kernel.Probes.S11C7CoverBoundChunk3
R5_WEB_END R5Kernel.Probes.S11C7CoverBoundChunk3
R5_WEB_BEGIN R5Kernel.Probes.S11C7CoverBoundChunk4
R5_WEB_END R5Kernel.Probes.S11C7CoverBoundChunk4
R5_WEB_BEGIN R5Kernel.Probes.S11C7CoverBoundChunk5
R5_WEB_END R5Kernel.Probes.S11C7CoverBoundChunk5
R5_WEB_BEGIN R5Kernel.Probes.S11C7CoverBoundChunk6
R5_WEB_END R5Kernel.Probes.S11C7CoverBoundChunk6
R5_WEB_BEGIN R5Kernel.Probes.S11C7CoverBoundChunk7
R5_WEB_END R5Kernel.Probes.S11C7CoverBoundChunk7
R5_WEB_BEGIN R5Kernel.Probes.S11C7CoverBoundChunk8
R5_WEB_END R5Kernel.Probes.S11C7CoverBoundChunk8
R5_WEB_BEGIN R5Kernel.Probes.S11C7CoverBoundChunk9
R5_WEB_END R5Kernel.Probes.S11C7CoverBoundChunk9
R5_WEB_BEGIN R5Kernel.Probes.S11C7CoverBoundChunk10
R5_WEB_END R5Kernel.Probes.S11C7CoverBoundChunk10
R5_WEB_BEGIN R5Kernel.Probes.S11C7CoverBoundChunk11
R5_WEB_END R5Kernel.Probes.S11C7CoverBoundChunk11
R5_WEB_BEGIN R5Kernel.Probes.S11C7CoverChecks
R5_WEB_END R5Kernel.Probes.S11C7CoverChecks
R5_WEB_BEGIN R5Kernel.Probes.S11C7Beta
R5_WEB_END R5Kernel.Probes.S11C7Beta
R5_WEB_BEGIN R5Kernel.Probes.S11C7AllCertificates
R5_WEB_END R5Kernel.Probes.S11C7AllCertificates
R5_WEB_BEGIN R5Kernel.Probes.S11C7OrbitTransport
R5_WEB_END R5Kernel.Probes.S11C7OrbitTransport
R5_WEB_BEGIN R5Kernel.Probes.S11C7AllMasks
R5_WEB_END R5Kernel.Probes.S11C7AllMasks
R5_WEB_BEGIN R5Kernel.Probes.S11C9BlockSymmetry
R5_WEB_END R5Kernel.Probes.S11C9BlockSymmetry
R5_WEB_BEGIN R5Kernel.Probes.S11C9CoverChecksChunk0
R5_WEB_END R5Kernel.Probes.S11C9CoverChecksChunk0
R5_WEB_BEGIN R5Kernel.Probes.S11C9CoverChecksChunk1
R5_WEB_END R5Kernel.Probes.S11C9CoverChecksChunk1
R5_WEB_BEGIN R5Kernel.Probes.S11C9CoverChecksChunk2
R5_WEB_END R5Kernel.Probes.S11C9CoverChecksChunk2
R5_WEB_BEGIN R5Kernel.Probes.S11C9CoverChecksChunk3
R5_WEB_END R5Kernel.Probes.S11C9CoverChecksChunk3
R5_WEB_BEGIN R5Kernel.Probes.S11C9CoverChecksChunk4
R5_WEB_END R5Kernel.Probes.S11C9CoverChecksChunk4
R5_WEB_BEGIN R5Kernel.Probes.S11C9CoverChecksChunk5
R5_WEB_END R5Kernel.Probes.S11C9CoverChecksChunk5
R5_WEB_BEGIN R5Kernel.Probes.S11C9CoverChecks
R5_WEB_END R5Kernel.Probes.S11C9CoverChecks
R5_WEB_BEGIN R5Kernel.Probes.S11C9Beta
R5_WEB_END R5Kernel.Probes.S11C9Beta
R5_WEB_BEGIN R5Kernel.Probes.S11C9AllCertificates
R5_WEB_END R5Kernel.Probes.S11C9AllCertificates
R5_WEB_BEGIN R5Kernel.Probes.S11C9OrbitTransport
R5_WEB_END R5Kernel.Probes.S11C9OrbitTransport
R5_WEB_BEGIN R5Kernel.Probes.S11C9AllMasks
R5_WEB_END R5Kernel.Probes.S11C9AllMasks
R5_WEB_BEGIN R5Kernel.Probes.S11CycleBounds
R5_WEB_END R5Kernel.Probes.S11CycleBounds
R5_WEB_BEGIN R5Kernel.Probes.S11C11EndpointBridge
R5_WEB_END R5Kernel.Probes.S11C11EndpointBridge
R5_WEB_BEGIN R5Kernel.Probes.S11CycleEndpoints
R5_WEB_END R5Kernel.Probes.S11CycleEndpoints
R5_WEB_BEGIN R5Kernel.S11Dispatcher
R5_WEB_END R5Kernel.S11Dispatcher
R5_WEB_BEGIN R5Kernel.Parts.M078
R5_WEB_END R5Kernel.Parts.M078
R5_WEB_BEGIN R5Kernel.Parts.M015
R5_WEB_END R5Kernel.Parts.M015
R5_WEB_BEGIN R5Kernel.Parts.M016
R5_WEB_END R5Kernel.Parts.M016
R5_WEB_BEGIN R5Kernel.Parts.M017
R5_WEB_END R5Kernel.Parts.M017
R5_WEB_BEGIN R5Kernel.Parts.M018
R5_WEB_END R5Kernel.Parts.M018
R5_WEB_BEGIN R5Kernel.Parts.M019
R5_WEB_END R5Kernel.Parts.M019
R5_WEB_BEGIN R5Kernel.Parts.M020
R5_WEB_END R5Kernel.Parts.M020
R5_WEB_BEGIN R5Kernel.Parts.M021
R5_WEB_END R5Kernel.Parts.M021
R5_WEB_BEGIN R5Kernel.Parts.M022
R5_WEB_END R5Kernel.Parts.M022
R5_WEB_BEGIN R5Kernel.Parts.M023
R5_WEB_END R5Kernel.Parts.M023
R5_WEB_BEGIN R5Kernel.Parts.M024
R5_WEB_END R5Kernel.Parts.M024
R5_WEB_BEGIN R5Kernel.SmallGraphColoring
R5_WEB_END R5Kernel.SmallGraphColoring
R5_WEB_BEGIN R5Kernel.Parts.M025
R5_WEB_END R5Kernel.Parts.M025
R5_WEB_BEGIN R5Kernel.Parts.M026
R5_WEB_END R5Kernel.Parts.M026
R5_WEB_BEGIN R5Kernel.Parts.M027
R5_WEB_END R5Kernel.Parts.M027
R5_WEB_BEGIN R5Kernel.Parts.M028
R5_WEB_END R5Kernel.Parts.M028
R5_WEB_BEGIN R5Kernel.Parts.M029
R5_WEB_END R5Kernel.Parts.M029
R5_WEB_BEGIN R5Kernel.Parts.M030
R5_WEB_END R5Kernel.Parts.M030
R5_WEB_BEGIN R5Kernel.Parts.M033
R5_WEB_END R5Kernel.Parts.M033
R5_WEB_BEGIN R5Kernel.S7C5Structure
R5_WEB_END R5Kernel.S7C5Structure
R5_WEB_BEGIN R5Kernel.S7C5Data
R5_WEB_END R5Kernel.S7C5Data
R5_WEB_BEGIN R5Kernel.S7C5Checks
R5_WEB_END R5Kernel.S7C5Checks
R5_WEB_BEGIN R5Kernel.S7C5Symmetry
R5_WEB_END R5Kernel.S7C5Symmetry
R5_WEB_BEGIN R5Kernel.S7C5Certificates
R5_WEB_END R5Kernel.S7C5Certificates
R5_WEB_BEGIN R5Kernel.S7C7Structure
R5_WEB_END R5Kernel.S7C7Structure
R5_WEB_BEGIN R5Kernel.S7C7Data
R5_WEB_END R5Kernel.S7C7Data
R5_WEB_BEGIN R5Kernel.S7C7Checks
R5_WEB_END R5Kernel.S7C7Checks
R5_WEB_BEGIN R5Kernel.S7C7Symmetry
R5_WEB_END R5Kernel.S7C7Symmetry
R5_WEB_BEGIN R5Kernel.S7C7Certificates
R5_WEB_END R5Kernel.S7C7Certificates
R5_WEB_BEGIN R5Kernel.S7C5EdgeBound
R5_WEB_END R5Kernel.S7C5EdgeBound
R5_WEB_BEGIN R5Kernel.S7Dispatcher
R5_WEB_END R5Kernel.S7Dispatcher
R5_WEB_BEGIN R5Kernel.S7LegacyAPI
R5_WEB_END R5Kernel.S7LegacyAPI
R5_WEB_BEGIN R5Kernel.S8UniformData
R5_WEB_END R5Kernel.S8UniformData
R5_WEB_BEGIN R5Kernel.S8C5UniformChunk0
R5_WEB_END R5Kernel.S8C5UniformChunk0
R5_WEB_BEGIN R5Kernel.S8C5UniformChunk1
R5_WEB_END R5Kernel.S8C5UniformChunk1
R5_WEB_BEGIN R5Kernel.S8C5UniformChunk2
R5_WEB_END R5Kernel.S8C5UniformChunk2
R5_WEB_BEGIN R5Kernel.S8C5UniformChunk3
R5_WEB_END R5Kernel.S8C5UniformChunk3
R5_WEB_BEGIN R5Kernel.S8C5UniformChunk4
R5_WEB_END R5Kernel.S8C5UniformChunk4
R5_WEB_BEGIN R5Kernel.S8C5UniformChunk5
R5_WEB_END R5Kernel.S8C5UniformChunk5
R5_WEB_BEGIN R5Kernel.S8C5UniformChunk6
R5_WEB_END R5Kernel.S8C5UniformChunk6
R5_WEB_BEGIN R5Kernel.S8C5UniformChunk7
R5_WEB_END R5Kernel.S8C5UniformChunk7
R5_WEB_BEGIN R5Kernel.S8C5UniformChunk8
R5_WEB_END R5Kernel.S8C5UniformChunk8
R5_WEB_BEGIN R5Kernel.S8C5UniformChunk9
R5_WEB_END R5Kernel.S8C5UniformChunk9
R5_WEB_BEGIN R5Kernel.S8C5UniformChunk10
R5_WEB_END R5Kernel.S8C5UniformChunk10
R5_WEB_BEGIN R5Kernel.S8C5UniformChunk11
R5_WEB_END R5Kernel.S8C5UniformChunk11
R5_WEB_BEGIN R5Kernel.S8C5UniformChunk12
R5_WEB_END R5Kernel.S8C5UniformChunk12
R5_WEB_BEGIN R5Kernel.S8C5UniformChunk13
R5_WEB_END R5Kernel.S8C5UniformChunk13
R5_WEB_BEGIN R5Kernel.S8C5UniformChunk14
R5_WEB_END R5Kernel.S8C5UniformChunk14
R5_WEB_BEGIN R5Kernel.S8C5UniformChunk15
R5_WEB_END R5Kernel.S8C5UniformChunk15
R5_WEB_BEGIN R5Kernel.S8C7UniformChunk0
R5_WEB_END R5Kernel.S8C7UniformChunk0
R5_WEB_BEGIN R5Kernel.S8C7UniformChunk1
R5_WEB_END R5Kernel.S8C7UniformChunk1
R5_WEB_BEGIN R5Kernel.S8C7UniformChunk2
R5_WEB_END R5Kernel.S8C7UniformChunk2
R5_WEB_BEGIN R5Kernel.S8C7UniformChunk3
R5_WEB_END R5Kernel.S8C7UniformChunk3
R5_WEB_BEGIN R5Kernel.S8C7UniformChunk4
R5_WEB_END R5Kernel.S8C7UniformChunk4
R5_WEB_BEGIN R5Kernel.S8C7UniformChunk5
R5_WEB_END R5Kernel.S8C7UniformChunk5
R5_WEB_BEGIN R5Kernel.S8C7UniformChunk6
R5_WEB_END R5Kernel.S8C7UniformChunk6
R5_WEB_BEGIN R5Kernel.S8C7UniformChunk7
R5_WEB_END R5Kernel.S8C7UniformChunk7
R5_WEB_BEGIN R5Kernel.S8C7UniformChunk8
R5_WEB_END R5Kernel.S8C7UniformChunk8
R5_WEB_BEGIN R5Kernel.S8C7UniformChunk9
R5_WEB_END R5Kernel.S8C7UniformChunk9
R5_WEB_BEGIN R5Kernel.S8C7UniformChunk10
R5_WEB_END R5Kernel.S8C7UniformChunk10
R5_WEB_BEGIN R5Kernel.S8C7UniformChunk11
R5_WEB_END R5Kernel.S8C7UniformChunk11
R5_WEB_BEGIN R5Kernel.S8C7UniformChunk12
R5_WEB_END R5Kernel.S8C7UniformChunk12
R5_WEB_BEGIN R5Kernel.S8C7UniformChunk13
R5_WEB_END R5Kernel.S8C7UniformChunk13
R5_WEB_BEGIN R5Kernel.S8C7UniformChunk14
R5_WEB_END R5Kernel.S8C7UniformChunk14
R5_WEB_BEGIN R5Kernel.S8C7UniformChunk15
R5_WEB_END R5Kernel.S8C7UniformChunk15
R5_WEB_BEGIN R5Kernel.S8UniformCertificates
R5_WEB_END R5Kernel.S8UniformCertificates
R5_WEB_BEGIN R5Kernel.S8Dispatcher
R5_WEB_END R5Kernel.S8Dispatcher
R5_WEB_BEGIN R5Kernel.S8LegacyAPI
R5_WEB_END R5Kernel.S8LegacyAPI
R5_WEB_BEGIN R5Kernel.S9UniformData
R5_WEB_END R5Kernel.S9UniformData
R5_WEB_BEGIN R5Kernel.R5TypeChunks
R5_WEB_END R5Kernel.R5TypeChunks
R5_WEB_BEGIN R5Kernel.S9C5TypeMaskChunk0
R5_WEB_END R5Kernel.S9C5TypeMaskChunk0
R5_WEB_BEGIN R5Kernel.S9C5TypeMaskChunk1
R5_WEB_END R5Kernel.S9C5TypeMaskChunk1
R5_WEB_BEGIN R5Kernel.S9C5TypeMaskChunk2
R5_WEB_END R5Kernel.S9C5TypeMaskChunk2
R5_WEB_BEGIN R5Kernel.S9C5TypeMaskChunk3
R5_WEB_END R5Kernel.S9C5TypeMaskChunk3
R5_WEB_BEGIN R5Kernel.S9C5TypeMaskChunk4
R5_WEB_END R5Kernel.S9C5TypeMaskChunk4
R5_WEB_BEGIN R5Kernel.S9C5TypeMaskChunk5
R5_WEB_END R5Kernel.S9C5TypeMaskChunk5
R5_WEB_BEGIN R5Kernel.S9C5TypeMaskChunk6
R5_WEB_END R5Kernel.S9C5TypeMaskChunk6
R5_WEB_BEGIN R5Kernel.S9C5TypeMaskChunk7
R5_WEB_END R5Kernel.S9C5TypeMaskChunk7
R5_WEB_BEGIN R5Kernel.S9C5TypeMaskChunk8
R5_WEB_END R5Kernel.S9C5TypeMaskChunk8
R5_WEB_BEGIN R5Kernel.S9C5TypeMaskChunk9
R5_WEB_END R5Kernel.S9C5TypeMaskChunk9
R5_WEB_BEGIN R5Kernel.S9C5TypeMaskChunk10
R5_WEB_END R5Kernel.S9C5TypeMaskChunk10
R5_WEB_BEGIN R5Kernel.S9C5TypeMaskChunk11
R5_WEB_END R5Kernel.S9C5TypeMaskChunk11
R5_WEB_BEGIN R5Kernel.S9C5TypeMaskChunk12
R5_WEB_END R5Kernel.S9C5TypeMaskChunk12
R5_WEB_BEGIN R5Kernel.S9C5TypeMaskChunk13
R5_WEB_END R5Kernel.S9C5TypeMaskChunk13
R5_WEB_BEGIN R5Kernel.S9C5TypeMaskChunk14
R5_WEB_END R5Kernel.S9C5TypeMaskChunk14
R5_WEB_BEGIN R5Kernel.S9C5TypeMaskChunk15
R5_WEB_END R5Kernel.S9C5TypeMaskChunk15
R5_WEB_BEGIN R5Kernel.S9C5TypeMaskChunk16
R5_WEB_END R5Kernel.S9C5TypeMaskChunk16
R5_WEB_BEGIN R5Kernel.S9C5TypeMaskChunk17
R5_WEB_END R5Kernel.S9C5TypeMaskChunk17
R5_WEB_BEGIN R5Kernel.S9C5TypeMaskChunk18
R5_WEB_END R5Kernel.S9C5TypeMaskChunk18
R5_WEB_BEGIN R5Kernel.S9C5TypeMaskChunk19
R5_WEB_END R5Kernel.S9C5TypeMaskChunk19
R5_WEB_BEGIN R5Kernel.S9C5TypeMaskChunk20
R5_WEB_END R5Kernel.S9C5TypeMaskChunk20
R5_WEB_BEGIN R5Kernel.S9C5TypeMaskChunk21
R5_WEB_END R5Kernel.S9C5TypeMaskChunk21
R5_WEB_BEGIN R5Kernel.S9C5TypeMaskChunk22
R5_WEB_END R5Kernel.S9C5TypeMaskChunk22
R5_WEB_BEGIN R5Kernel.S9C5TypeMaskChunk23
R5_WEB_END R5Kernel.S9C5TypeMaskChunk23
R5_WEB_BEGIN R5Kernel.S9C5TypeMaskChunk24
R5_WEB_END R5Kernel.S9C5TypeMaskChunk24
R5_WEB_BEGIN R5Kernel.S9C5TypeMaskChunk25
R5_WEB_END R5Kernel.S9C5TypeMaskChunk25
R5_WEB_BEGIN R5Kernel.S9C5TypeMaskChunk26
R5_WEB_END R5Kernel.S9C5TypeMaskChunk26
R5_WEB_BEGIN R5Kernel.S9C5TypeMaskChunk27
R5_WEB_END R5Kernel.S9C5TypeMaskChunk27
R5_WEB_BEGIN R5Kernel.S9C5TypeMaskChunk28
R5_WEB_END R5Kernel.S9C5TypeMaskChunk28
R5_WEB_BEGIN R5Kernel.S9C5TypeMaskChunk29
R5_WEB_END R5Kernel.S9C5TypeMaskChunk29
R5_WEB_BEGIN R5Kernel.S9C5TypeMaskChunk30
R5_WEB_END R5Kernel.S9C5TypeMaskChunk30
R5_WEB_BEGIN R5Kernel.S9C5TypeMaskChunk31
R5_WEB_END R5Kernel.S9C5TypeMaskChunk31
R5_WEB_BEGIN R5Kernel.S9C7TypeMaskChunk0
R5_WEB_END R5Kernel.S9C7TypeMaskChunk0
R5_WEB_BEGIN R5Kernel.S9C7TypeMaskChunk1
R5_WEB_END R5Kernel.S9C7TypeMaskChunk1
R5_WEB_BEGIN R5Kernel.S9C7TypeMaskChunk2
R5_WEB_END R5Kernel.S9C7TypeMaskChunk2
R5_WEB_BEGIN R5Kernel.S9C7TypeMaskChunk3
R5_WEB_END R5Kernel.S9C7TypeMaskChunk3
R5_WEB_BEGIN R5Kernel.S9C7TypeMaskChunk4
R5_WEB_END R5Kernel.S9C7TypeMaskChunk4
R5_WEB_BEGIN R5Kernel.S9C7TypeMaskChunk5
R5_WEB_END R5Kernel.S9C7TypeMaskChunk5
R5_WEB_BEGIN R5Kernel.S9C7TypeMaskChunk6
R5_WEB_END R5Kernel.S9C7TypeMaskChunk6
R5_WEB_BEGIN R5Kernel.S9C7TypeMaskChunk7
R5_WEB_END R5Kernel.S9C7TypeMaskChunk7
R5_WEB_BEGIN R5Kernel.S9C7TypeMaskChunk8
R5_WEB_END R5Kernel.S9C7TypeMaskChunk8
R5_WEB_BEGIN R5Kernel.S9C7TypeMaskChunk9
R5_WEB_END R5Kernel.S9C7TypeMaskChunk9
R5_WEB_BEGIN R5Kernel.S9C7TypeMaskChunk10
R5_WEB_END R5Kernel.S9C7TypeMaskChunk10
R5_WEB_BEGIN R5Kernel.S9C7TypeMaskChunk11
R5_WEB_END R5Kernel.S9C7TypeMaskChunk11
R5_WEB_BEGIN R5Kernel.S9C7TypeMaskChunk12
R5_WEB_END R5Kernel.S9C7TypeMaskChunk12
R5_WEB_BEGIN R5Kernel.S9C7TypeMaskChunk13
R5_WEB_END R5Kernel.S9C7TypeMaskChunk13
R5_WEB_BEGIN R5Kernel.S9C7TypeMaskChunk14
R5_WEB_END R5Kernel.S9C7TypeMaskChunk14
R5_WEB_BEGIN R5Kernel.S9C7TypeMaskChunk15
R5_WEB_END R5Kernel.S9C7TypeMaskChunk15
R5_WEB_BEGIN R5Kernel.S9C7TypeMaskChunk16
R5_WEB_END R5Kernel.S9C7TypeMaskChunk16
R5_WEB_BEGIN R5Kernel.S9C7TypeMaskChunk17
R5_WEB_END R5Kernel.S9C7TypeMaskChunk17
R5_WEB_BEGIN R5Kernel.S9C7TypeMaskChunk18
R5_WEB_END R5Kernel.S9C7TypeMaskChunk18
R5_WEB_BEGIN R5Kernel.S9C7TypeMaskChunk19
R5_WEB_END R5Kernel.S9C7TypeMaskChunk19
R5_WEB_BEGIN R5Kernel.S9C7TypeMaskChunk20
R5_WEB_END R5Kernel.S9C7TypeMaskChunk20
R5_WEB_BEGIN R5Kernel.S9C7TypeMaskChunk21
R5_WEB_END R5Kernel.S9C7TypeMaskChunk21
R5_WEB_BEGIN R5Kernel.S9C7TypeMaskChunk22
R5_WEB_END R5Kernel.S9C7TypeMaskChunk22
R5_WEB_BEGIN R5Kernel.S9C7TypeMaskChunk23
R5_WEB_END R5Kernel.S9C7TypeMaskChunk23
R5_WEB_BEGIN R5Kernel.S9C7TypeMaskChunk24
R5_WEB_END R5Kernel.S9C7TypeMaskChunk24
R5_WEB_BEGIN R5Kernel.S9C7TypeMaskChunk25
R5_WEB_END R5Kernel.S9C7TypeMaskChunk25
R5_WEB_BEGIN R5Kernel.S9C7TypeMaskChunk26
R5_WEB_END R5Kernel.S9C7TypeMaskChunk26
R5_WEB_BEGIN R5Kernel.S9C7TypeMaskChunk27
R5_WEB_END R5Kernel.S9C7TypeMaskChunk27
R5_WEB_BEGIN R5Kernel.S9C7TypeMaskChunk28
R5_WEB_END R5Kernel.S9C7TypeMaskChunk28
R5_WEB_BEGIN R5Kernel.S9C7TypeMaskChunk29
R5_WEB_END R5Kernel.S9C7TypeMaskChunk29
R5_WEB_BEGIN R5Kernel.S9C7TypeMaskChunk30
R5_WEB_END R5Kernel.S9C7TypeMaskChunk30
R5_WEB_BEGIN R5Kernel.S9C7TypeMaskChunk31
R5_WEB_END R5Kernel.S9C7TypeMaskChunk31
R5_WEB_BEGIN R5Kernel.S9C9TypeMaskChunk0
R5_WEB_END R5Kernel.S9C9TypeMaskChunk0
R5_WEB_BEGIN R5Kernel.S9C9TypeMaskChunk1
R5_WEB_END R5Kernel.S9C9TypeMaskChunk1
R5_WEB_BEGIN R5Kernel.S9C9TypeMaskChunk2
R5_WEB_END R5Kernel.S9C9TypeMaskChunk2
R5_WEB_BEGIN R5Kernel.S9C9TypeMaskChunk3
R5_WEB_END R5Kernel.S9C9TypeMaskChunk3
R5_WEB_BEGIN R5Kernel.S9C9TypeMaskChunk4
R5_WEB_END R5Kernel.S9C9TypeMaskChunk4
R5_WEB_BEGIN R5Kernel.S9C9TypeMaskChunk5
R5_WEB_END R5Kernel.S9C9TypeMaskChunk5
R5_WEB_BEGIN R5Kernel.S9C9TypeMaskChunk6
R5_WEB_END R5Kernel.S9C9TypeMaskChunk6
R5_WEB_BEGIN R5Kernel.S9C9TypeMaskChunk7
R5_WEB_END R5Kernel.S9C9TypeMaskChunk7
R5_WEB_BEGIN R5Kernel.S9C9TypeMaskChunk8
R5_WEB_END R5Kernel.S9C9TypeMaskChunk8
R5_WEB_BEGIN R5Kernel.S9C9TypeMaskChunk9
R5_WEB_END R5Kernel.S9C9TypeMaskChunk9
R5_WEB_BEGIN R5Kernel.S9C9TypeMaskChunk10
R5_WEB_END R5Kernel.S9C9TypeMaskChunk10
R5_WEB_BEGIN R5Kernel.S9C9TypeMaskChunk11
R5_WEB_END R5Kernel.S9C9TypeMaskChunk11
R5_WEB_BEGIN R5Kernel.S9C9TypeMaskChunk12
R5_WEB_END R5Kernel.S9C9TypeMaskChunk12
R5_WEB_BEGIN R5Kernel.S9C9TypeMaskChunk13
R5_WEB_END R5Kernel.S9C9TypeMaskChunk13
R5_WEB_BEGIN R5Kernel.S9C9TypeMaskChunk14
R5_WEB_END R5Kernel.S9C9TypeMaskChunk14
R5_WEB_BEGIN R5Kernel.S9C9TypeMaskChunk15
R5_WEB_END R5Kernel.S9C9TypeMaskChunk15
R5_WEB_BEGIN R5Kernel.S9C9TypeMaskChunk16
R5_WEB_END R5Kernel.S9C9TypeMaskChunk16
R5_WEB_BEGIN R5Kernel.S9C9TypeMaskChunk17
R5_WEB_END R5Kernel.S9C9TypeMaskChunk17
R5_WEB_BEGIN R5Kernel.S9C9TypeMaskChunk18
R5_WEB_END R5Kernel.S9C9TypeMaskChunk18
R5_WEB_BEGIN R5Kernel.S9C9TypeMaskChunk19
R5_WEB_END R5Kernel.S9C9TypeMaskChunk19
R5_WEB_BEGIN R5Kernel.S9C9TypeMaskChunk20
R5_WEB_END R5Kernel.S9C9TypeMaskChunk20
R5_WEB_BEGIN R5Kernel.S9C9TypeMaskChunk21
R5_WEB_END R5Kernel.S9C9TypeMaskChunk21
R5_WEB_BEGIN R5Kernel.S9C9TypeMaskChunk22
R5_WEB_END R5Kernel.S9C9TypeMaskChunk22
R5_WEB_BEGIN R5Kernel.S9C9TypeMaskChunk23
R5_WEB_END R5Kernel.S9C9TypeMaskChunk23
R5_WEB_BEGIN R5Kernel.S9C9TypeMaskChunk24
R5_WEB_END R5Kernel.S9C9TypeMaskChunk24
R5_WEB_BEGIN R5Kernel.S9C9TypeMaskChunk25
R5_WEB_END R5Kernel.S9C9TypeMaskChunk25
R5_WEB_BEGIN R5Kernel.S9C9TypeMaskChunk26
R5_WEB_END R5Kernel.S9C9TypeMaskChunk26
R5_WEB_BEGIN R5Kernel.S9C9TypeMaskChunk27
R5_WEB_END R5Kernel.S9C9TypeMaskChunk27
R5_WEB_BEGIN R5Kernel.S9C9TypeMaskChunk28
R5_WEB_END R5Kernel.S9C9TypeMaskChunk28
R5_WEB_BEGIN R5Kernel.S9C9TypeMaskChunk29
R5_WEB_END R5Kernel.S9C9TypeMaskChunk29
R5_WEB_BEGIN R5Kernel.S9C9TypeMaskChunk30
R5_WEB_END R5Kernel.S9C9TypeMaskChunk30
R5_WEB_BEGIN R5Kernel.S9C9TypeMaskChunk31
R5_WEB_END R5Kernel.S9C9TypeMaskChunk31
R5_WEB_BEGIN R5Kernel.S9PartialCertificates
R5_WEB_END R5Kernel.S9PartialCertificates
R5_WEB_BEGIN R5Kernel.S9Dispatcher
R5_WEB_END R5Kernel.S9Dispatcher
R5_WEB_BEGIN R5Kernel.S9DirectAdapter
R5_WEB_END R5Kernel.S9DirectAdapter
R5_WEB_BEGIN R5Kernel.Parts.M079
R5_WEB_END R5Kernel.Parts.M079
R5_WEB_BEGIN R5Kernel.Parts.M080
R5_WEB_END R5Kernel.Parts.M080
R5_WEB_BEGIN R5Kernel.Final
R5_WEB_END R5Kernel.Final
/Users/kenta/Dropbox/Intellectual Moonshine/?AI数学/1011/github作業用/erdos-1011-lean/lean4web/Erdos1011R5KernelLean4Web.lean:12:0: warning: 
'Mathlib.Data.Real.Basic' has been deprecated: please replace this import by

import Mathlib.Basic.Real.Basic
Erdos1011KernelLean4Web.formal_target_r5_ge80 (n : ℕ) :
  80 ≤ n →
    Erdos1011.M 5 n = n ^ 2 / 4 - 3 * n + 14 ∧
      Erdos1011.f 5 n = n ^ 2 / 4 - 3 * n + 14 + 1 ∧ Erdos1011.ThresholdExtremalOffset 5 n
'Erdos1011KernelLean4Web.formal_target_r5_ge80' depends on axioms: [propext, Classical.choice, Quot.sound]
"4.34.0"
R5_KERNEL_PASS Erdos1011KernelLean4Web.formal_target_r5_ge80: standard=3, extra=0, sorryAx=0
R5_KERNEL_WEB_FINISHED standard=3, extra=0, sorryAx=0
